// Jest Snapshot v1, https://goo.gl/fbAQLP

exports[`Render MovieList 1`] = `
Array [
  <article
    className="small-movie-card catalog__movies-card"
    onClick={[Function]}
    onMouseEnter={[Function]}
    onMouseLeave={[Function]}
  >
    <div
      className="small-movie-card__image"
    >
      <video
        autoPlay={false}
        controls={false}
        height="175"
        muted={true}
        poster="img/bohemian-rhapsody.jpg"
        width="280"
      >
        <source
          src="https://download.blender.org/durian/trailer/sintel_trailer-480p.mp4"
          type="video/mp4"
        />
      </video>
    </div>
    <h3
      className="small-movie-card__title"
    >
      <a
        className="small-movie-card__link"
        href="movie-page.html"
        onClick={[Function]}
      >
        Bohemian Rhapsody
      </a>
    </h3>
  </article>,
  <article
    className="small-movie-card catalog__movies-card"
    onClick={[Function]}
    onMouseEnter={[Function]}
    onMouseLeave={[Function]}
  >
    <div
      className="small-movie-card__image"
    >
      <video
        autoPlay={false}
        controls={false}
        height="175"
        muted={true}
        poster="img/fantastic-beasts-the-crimes-of-grindelwald.jpg"
        width="280"
      >
        <source
          src="https://download.blender.org/durian/trailer/sintel_trailer-480p.mp4"
          type="video/mp4"
        />
      </video>
    </div>
    <h3
      className="small-movie-card__title"
    >
      <a
        className="small-movie-card__link"
        href="movie-page.html"
        onClick={[Function]}
      >
        Fantastic Beasts: The Crimes of Grindelwald
      </a>
    </h3>
  </article>,
  <article
    className="small-movie-card catalog__movies-card"
    onClick={[Function]}
    onMouseEnter={[Function]}
    onMouseLeave={[Function]}
  >
    <div
      className="small-movie-card__image"
    >
      <video
        autoPlay={false}
        controls={false}
        height="175"
        muted={true}
        poster="img/macbeth.jpg"
        width="280"
      >
        <source
          src="https://download.blender.org/durian/trailer/sintel_trailer-480p.mp4"
          type="video/mp4"
        />
      </video>
    </div>
    <h3
      className="small-movie-card__title"
    >
      <a
        className="small-movie-card__link"
        href="movie-page.html"
        onClick={[Function]}
      >
        Macbeth
      </a>
    </h3>
  </article>,
  <article
    className="small-movie-card catalog__movies-card"
    onClick={[Function]}
    onMouseEnter={[Function]}
    onMouseLeave={[Function]}
  >
    <div
      className="small-movie-card__image"
    >
      <video
        autoPlay={false}
        controls={false}
        height="175"
        muted={true}
        poster="img/aviator.jpg"
        width="280"
      >
        <source
          src="https://download.blender.org/durian/trailer/sintel_trailer-480p.mp4"
          type="video/mp4"
        />
      </video>
    </div>
    <h3
      className="small-movie-card__title"
    >
      <a
        className="small-movie-card__link"
        href="movie-page.html"
        onClick={[Function]}
      >
        Aviator
      </a>
    </h3>
  </article>,
  <article
    className="small-movie-card catalog__movies-card"
    onClick={[Function]}
    onMouseEnter={[Function]}
    onMouseLeave={[Function]}
  >
    <div
      className="small-movie-card__image"
    >
      <video
        autoPlay={false}
        controls={false}
        height="175"
        muted={true}
        poster="img/we-need-to-talk-about-kevin.jpg"
        width="280"
      >
        <source
          src="https://download.blender.org/durian/trailer/sintel_trailer-480p.mp4"
          type="video/mp4"
        />
      </video>
    </div>
    <h3
      className="small-movie-card__title"
    >
      <a
        className="small-movie-card__link"
        href="movie-page.html"
        onClick={[Function]}
      >
        We need to talk about Kevin
      </a>
    </h3>
  </article>,
  <article
    className="small-movie-card catalog__movies-card"
    onClick={[Function]}
    onMouseEnter={[Function]}
    onMouseLeave={[Function]}
  >
    <div
      className="small-movie-card__image"
    >
      <video
        autoPlay={false}
        controls={false}
        height="175"
        muted={true}
        poster="img/what-we-do-in-the-shadows.jpg"
        width="280"
      >
        <source
          src="https://download.blender.org/durian/trailer/sintel_trailer-480p.mp4"
          type="video/mp4"
        />
      </video>
    </div>
    <h3
      className="small-movie-card__title"
    >
      <a
        className="small-movie-card__link"
        href="movie-page.html"
        onClick={[Function]}
      >
        What We Do in the Shadows
      </a>
    </h3>
  </article>,
  <article
    className="small-movie-card catalog__movies-card"
    onClick={[Function]}
    onMouseEnter={[Function]}
    onMouseLeave={[Function]}
  >
    <div
      className="small-movie-card__image"
    >
      <video
        autoPlay={false}
        controls={false}
        height="175"
        muted={true}
        poster="img/revenant.jpg"
        width="280"
      >
        <source
          src="https://download.blender.org/durian/trailer/sintel_trailer-480p.mp4"
          type="video/mp4"
        />
      </video>
    </div>
    <h3
      className="small-movie-card__title"
    >
      <a
        className="small-movie-card__link"
        href="movie-page.html"
        onClick={[Function]}
      >
        Revenant
      </a>
    </h3>
  </article>,
  <article
    className="small-movie-card catalog__movies-card"
    onClick={[Function]}
    onMouseEnter={[Function]}
    onMouseLeave={[Function]}
  >
    <div
      className="small-movie-card__image"
    >
      <video
        autoPlay={false}
        controls={false}
        height="175"
        muted={true}
        poster="img/johnny-english.jpg"
        width="280"
      >
        <source
          src="https://download.blender.org/durian/trailer/sintel_trailer-480p.mp4"
          type="video/mp4"
        />
      </video>
    </div>
    <h3
      className="small-movie-card__title"
    >
      <a
        className="small-movie-card__link"
        href="movie-page.html"
        onClick={[Function]}
      >
        Johnny English
      </a>
    </h3>
  </article>,
]
`;
