// Jest Snapshot v1, https://goo.gl/fbAQLP

exports[`Render App 1`] = `
Array [
  <div
    className="player"
  >
    <video
      autoPlay={false}
      className="player__video"
      controls={false}
      height="175"
      muted={false}
      poster="https://placeimg.com/270/410/arch/grayscale"
      width="280"
    >
      <source
        src="https://download.blender.org/durian/trailer/sintel_trailer-480p.mp4"
        type="video/mp4"
      />
    </video>
    <button
      className="player__exit"
      onClick={[Function]}
      type="button"
    >
      Exit
    </button>
    <div
      className="player__controls"
    >
      <div
        className="player__controls-row"
      >
        <div
          className="player__time"
        >
          <progress
            className="player__progress"
            max="100"
            value="NaN"
          />
          <div
            className="player__toggler"
            style={
              Object {
                "left": "NaN%",
              }
            }
          >
            Toggler
          </div>
        </div>
        <div
          className="player__time-value"
        >
          00:00:00
        </div>
      </div>
      <div
        className="player__controls-row"
      >
        <button
          className="player__play"
          onClick={[Function]}
          type="button"
        >
          <svg
            height="21"
            viewBox="0 0 14 21"
            width="14"
          >
            <use
              xlinkHref="#pause"
            />
          </svg>
          <span>
            Play
          </span>
        </button>
        <div
          className="player__name"
        >
          Transpotting
        </div>
        <button
          className="player__full-screen"
          onClick={[Function]}
          type="button"
        >
          <svg
            height="27"
            viewBox="0 0 27 27"
            width="27"
          >
            <use
              xlinkHref="#full-screen"
            />
          </svg>
          <span>
            Full screen
          </span>
        </button>
      </div>
    </div>
  </div>,
  ",",
]
`;
